// Jest Snapshot v1, https://goo.gl/fbAQLP

exports[`Payments should render successfully 1`] = `
<body>
  <div>
    <div
      class="sc-AxhUy czInvP"
    >
      <div
        class="p-grid"
      >
        <div
          class="p-lg-3 p-md-4 p-col-12"
        >
          <div
            class="card"
          >
            <div
              class="sc-AxjAm ekpmap"
            >
              <form
                autocomplete="off"
                novalidate=""
              >
                <div
                  class="p-col-12 row"
                >
                  <div
                    class="input-wrapper p-float-label"
                  >
                    <input
                      class="p-inputtext p-component"
                      data-testid="id"
                      id="id"
                      name="id"
                      readonly=""
                      type="text"
                      value=""
                    />
                    <label
                      for="id"
                    >
                      Num.
                    </label>
                  </div>
                </div>
                <div
                  class="p-col-12 row"
                >
                  <div
                    class="input-wrapper p-float-label"
                  >
                    <span
                      class="p-inputnumber p-component"
                      id="total"
                    >
                      <input
                        aria-valuemin="0"
                        class="p-inputtext p-component p-inputnumber-input"
                        inputmode="numeric"
                        name="total"
                        role="spinbutton"
                        type="text"
                        value=""
                      />
                    </span>
                    <label
                      for="total"
                    >
                      Total, $
                    </label>
                  </div>
                </div>
                <div
                  class="p-col-12 row"
                >
                  <div
                    class="input-wrapper p-float-label"
                  >
                    <span
                      class="p-calendar p-calendar-w-btn"
                      id="dueDate"
                    >
                      <input
                        autocomplete="off"
                        class="p-inputtext p-component p-inputtext p-component"
                        name="dueDate"
                        type="text"
                      />
                      <button
                        class="p-button p-component p-datepicker-trigger p-calendar-button p-button-icon-only"
                        tabindex="-1"
                        type="button"
                      >
                        <span
                          class="pi pi-calendar p-c p-button-icon-left"
                        />
                        <span
                          class="p-button-text p-c"
                        >
                          p-btn
                        </span>
                      </button>
                      <div
                        class="p-datepicker p-component p-input-overlay p-shadow"
                      >
                        <div
                          class="p-datepicker-group"
                        >
                          <div
                            class="p-datepicker-header"
                          >
                            <button
                              class="p-datepicker-prev p-link"
                              type="button"
                            >
                              <span
                                class="p-datepicker-prev-icon pi pi-chevron-left"
                              />
                            </button>
                            <button
                              class="p-datepicker-next p-link"
                              type="button"
                            >
                              <span
                                class="p-datepicker-next-icon pi pi-chevron-right"
                              />
                            </button>
                            <div
                              class="p-datepicker-title"
                            >
                              <span
                                class="p-datepicker-month"
                              >
                                June
                              </span>
                              <span
                                class="p-datepicker-year"
                              >
                                2020
                              </span>
                            </div>
                          </div>
                          <div
                            class="p-datepicker-calendar-container"
                          >
                            <table
                              class="p-datepicker-calendar"
                            >
                              <thead>
                                <tr>
                                  <th
                                    scope="col"
                                  >
                                    <span>
                                      Su
                                    </span>
                                  </th>
                                  <th
                                    scope="col"
                                  >
                                    <span>
                                      Mo
                                    </span>
                                  </th>
                                  <th
                                    scope="col"
                                  >
                                    <span>
                                      Tu
                                    </span>
                                  </th>
                                  <th
                                    scope="col"
                                  >
                                    <span>
                                      We
                                    </span>
                                  </th>
                                  <th
                                    scope="col"
                                  >
                                    <span>
                                      Th
                                    </span>
                                  </th>
                                  <th
                                    scope="col"
                                  >
                                    <span>
                                      Fr
                                    </span>
                                  </th>
                                  <th
                                    scope="col"
                                  >
                                    <span>
                                      Sa
                                    </span>
                                  </th>
                                </tr>
                              </thead>
                              <tbody>
                                <tr>
                                  <td
                                    class="p-datepicker-other-month"
                                  >
                                    <span
                                      class="p-disabled"
                                    >
                                      31
                                    </span>
                                  </td>
                                  <td
                                    class=""
                                  >
                                    <span
                                      class=""
                                    >
                                      1
                                    </span>
                                  </td>
                                  <td
                                    class=""
                                  >
                                    <span
                                      class=""
                                    >
                                      2
                                    </span>
                                  </td>
                                  <td
                                    class=""
                                  >
                                    <span
                                      class=""
                                    >
                                      3
                                    </span>
                                  </td>
                                  <td
                                    class=""
                                  >
                                    <span
                                      class=""
                                    >
                                      4
                                    </span>
                                  </td>
                                  <td
                                    class=""
                                  >
                                    <span
                                      class=""
                                    >
                                      5
                                    </span>
                                  </td>
                                  <td
                                    class=""
                                  >
                                    <span
                                      class=""
                                    >
                                      6
                                    </span>
                                  </td>
                                </tr>
                                <tr>
                                  <td
                                    class=""
                                  >
                                    <span
                                      class=""
                                    >
                                      7
                                    </span>
                                  </td>
                                  <td
                                    class="p-datepicker-today"
                                  >
                                    <span
                                      class=""
                                      tabindex="0"
                                    >
                                      8
                                    </span>
                                  </td>
                                  <td
                                    class=""
                                  >
                                    <span
                                      class=""
                                    >
                                      9
                                    </span>
                                  </td>
                                  <td
                                    class=""
                                  >
                                    <span
                                      class=""
                                    >
                                      10
                                    </span>
                                  </td>
                                  <td
                                    class=""
                                  >
                                    <span
                                      class=""
                                    >
                                      11
                                    </span>
                                  </td>
                                  <td
                                    class=""
                                  >
                                    <span
                                      class=""
                                    >
                                      12
                                    </span>
                                  </td>
                                  <td
                                    class=""
                                  >
                                    <span
                                      class=""
                                    >
                                      13
                                    </span>
                                  </td>
                                </tr>
                                <tr>
                                  <td
                                    class=""
                                  >
                                    <span
                                      class=""
                                    >
                                      14
                                    </span>
                                  </td>
                                  <td
                                    class=""
                                  >
                                    <span
                                      class=""
                                    >
                                      15
                                    </span>
                                  </td>
                                  <td
                                    class=""
                                  >
                                    <span
                                      class=""
                                    >
                                      16
                                    </span>
                                  </td>
                                  <td
                                    class=""
                                  >
                                    <span
                                      class=""
                                    >
                                      17
                                    </span>
                                  </td>
                                  <td
                                    class=""
                                  >
                                    <span
                                      class=""
                                    >
                                      18
                                    </span>
                                  </td>
                                  <td
                                    class=""
                                  >
                                    <span
                                      class=""
                                    >
                                      19
                                    </span>
                                  </td>
                                  <td
                                    class=""
                                  >
                                    <span
                                      class=""
                                    >
                                      20
                                    </span>
                                  </td>
                                </tr>
                                <tr>
                                  <td
                                    class=""
                                  >
                                    <span
                                      class=""
                                    >
                                      21
                                    </span>
                                  </td>
                                  <td
                                    class=""
                                  >
                                    <span
                                      class=""
                                    >
                                      22
                                    </span>
                                  </td>
                                  <td
                                    class=""
                                  >
                                    <span
                                      class=""
                                    >
                                      23
                                    </span>
                                  </td>
                                  <td
                                    class=""
                                  >
                                    <span
                                      class=""
                                    >
                                      24
                                    </span>
                                  </td>
                                  <td
                                    class=""
                                  >
                                    <span
                                      class=""
                                    >
                                      25
                                    </span>
                                  </td>
                                  <td
                                    class=""
                                  >
                                    <span
                                      class=""
                                    >
                                      26
                                    </span>
                                  </td>
                                  <td
                                    class=""
                                  >
                                    <span
                                      class=""
                                    >
                                      27
                                    </span>
                                  </td>
                                </tr>
                                <tr>
                                  <td
                                    class=""
                                  >
                                    <span
                                      class=""
                                    >
                                      28
                                    </span>
                                  </td>
                                  <td
                                    class=""
                                  >
                                    <span
                                      class=""
                                    >
                                      29
                                    </span>
                                  </td>
                                  <td
                                    class=""
                                  >
                                    <span
                                      class=""
                                    >
                                      30
                                    </span>
                                  </td>
                                  <td
                                    class="p-datepicker-other-month"
                                  >
                                    <span
                                      class="p-disabled"
                                    >
                                      1
                                    </span>
                                  </td>
                                  <td
                                    class="p-datepicker-other-month"
                                  >
                                    <span
                                      class="p-disabled"
                                    >
                                      2
                                    </span>
                                  </td>
                                  <td
                                    class="p-datepicker-other-month"
                                  >
                                    <span
                                      class="p-disabled"
                                    >
                                      3
                                    </span>
                                  </td>
                                  <td
                                    class="p-datepicker-other-month"
                                  >
                                    <span
                                      class="p-disabled"
                                    >
                                      4
                                    </span>
                                  </td>
                                </tr>
                              </tbody>
                            </table>
                          </div>
                        </div>
                        <div
                          class="p-datepicker-buttonbar"
                        >
                          <button
                            class="p-button p-component p-button-secondary p-button-text-only"
                            type="button"
                          >
                            <span
                              class="p-button-text p-c"
                            >
                              Today
                            </span>
                          </button>
                          <button
                            class="p-button p-component p-button-secondary p-button-text-only"
                            type="button"
                          >
                            <span
                              class="p-button-text p-c"
                            >
                              Clear
                            </span>
                          </button>
                        </div>
                      </div>
                    </span>
                    <label
                      for="dueDate"
                    >
                      Due Date
                    </label>
                  </div>
                </div>
                <div
                  class="p-col-12 row"
                >
                  <div
                    class="input-wrapper p-float-label"
                  >
                    <span
                      class="p-inputnumber p-component"
                      id="paymentAmount"
                    >
                      <input
                        aria-valuemin="0"
                        class="p-inputtext p-component p-inputnumber-input"
                        inputmode="numeric"
                        name="paymentAmount"
                        role="spinbutton"
                        type="text"
                        value=""
                      />
                    </span>
                    <label
                      for="paymentAmount"
                    >
                      Payment Amount, $
                    </label>
                  </div>
                </div>
                <div
                  class="p-col-12 row"
                >
                  <div
                    class="input-wrapper p-float-label"
                  >
                    <span
                      class="p-calendar p-calendar-w-btn"
                      id="paymentDate"
                    >
                      <input
                        autocomplete="off"
                        class="p-inputtext p-component p-inputtext p-component"
                        name="paymentDate"
                        type="text"
                      />
                      <button
                        class="p-button p-component p-datepicker-trigger p-calendar-button p-button-icon-only"
                        tabindex="-1"
                        type="button"
                      >
                        <span
                          class="pi pi-calendar p-c p-button-icon-left"
                        />
                        <span
                          class="p-button-text p-c"
                        >
                          p-btn
                        </span>
                      </button>
                      <div
                        class="p-datepicker p-component p-input-overlay p-shadow"
                      >
                        <div
                          class="p-datepicker-group"
                        >
                          <div
                            class="p-datepicker-header"
                          >
                            <button
                              class="p-datepicker-prev p-link"
                              type="button"
                            >
                              <span
                                class="p-datepicker-prev-icon pi pi-chevron-left"
                              />
                            </button>
                            <button
                              class="p-datepicker-next p-link"
                              type="button"
                            >
                              <span
                                class="p-datepicker-next-icon pi pi-chevron-right"
                              />
                            </button>
                            <div
                              class="p-datepicker-title"
                            >
                              <span
                                class="p-datepicker-month"
                              >
                                June
                              </span>
                              <span
                                class="p-datepicker-year"
                              >
                                2020
                              </span>
                            </div>
                          </div>
                          <div
                            class="p-datepicker-calendar-container"
                          >
                            <table
                              class="p-datepicker-calendar"
                            >
                              <thead>
                                <tr>
                                  <th
                                    scope="col"
                                  >
                                    <span>
                                      Su
                                    </span>
                                  </th>
                                  <th
                                    scope="col"
                                  >
                                    <span>
                                      Mo
                                    </span>
                                  </th>
                                  <th
                                    scope="col"
                                  >
                                    <span>
                                      Tu
                                    </span>
                                  </th>
                                  <th
                                    scope="col"
                                  >
                                    <span>
                                      We
                                    </span>
                                  </th>
                                  <th
                                    scope="col"
                                  >
                                    <span>
                                      Th
                                    </span>
                                  </th>
                                  <th
                                    scope="col"
                                  >
                                    <span>
                                      Fr
                                    </span>
                                  </th>
                                  <th
                                    scope="col"
                                  >
                                    <span>
                                      Sa
                                    </span>
                                  </th>
                                </tr>
                              </thead>
                              <tbody>
                                <tr>
                                  <td
                                    class="p-datepicker-other-month"
                                  >
                                    <span
                                      class="p-disabled"
                                    >
                                      31
                                    </span>
                                  </td>
                                  <td
                                    class=""
                                  >
                                    <span
                                      class=""
                                    >
                                      1
                                    </span>
                                  </td>
                                  <td
                                    class=""
                                  >
                                    <span
                                      class=""
                                    >
                                      2
                                    </span>
                                  </td>
                                  <td
                                    class=""
                                  >
                                    <span
                                      class=""
                                    >
                                      3
                                    </span>
                                  </td>
                                  <td
                                    class=""
                                  >
                                    <span
                                      class=""
                                    >
                                      4
                                    </span>
                                  </td>
                                  <td
                                    class=""
                                  >
                                    <span
                                      class=""
                                    >
                                      5
                                    </span>
                                  </td>
                                  <td
                                    class=""
                                  >
                                    <span
                                      class=""
                                    >
                                      6
                                    </span>
                                  </td>
                                </tr>
                                <tr>
                                  <td
                                    class=""
                                  >
                                    <span
                                      class=""
                                    >
                                      7
                                    </span>
                                  </td>
                                  <td
                                    class="p-datepicker-today"
                                  >
                                    <span
                                      class=""
                                      tabindex="0"
                                    >
                                      8
                                    </span>
                                  </td>
                                  <td
                                    class=""
                                  >
                                    <span
                                      class=""
                                    >
                                      9
                                    </span>
                                  </td>
                                  <td
                                    class=""
                                  >
                                    <span
                                      class=""
                                    >
                                      10
                                    </span>
                                  </td>
                                  <td
                                    class=""
                                  >
                                    <span
                                      class=""
                                    >
                                      11
                                    </span>
                                  </td>
                                  <td
                                    class=""
                                  >
                                    <span
                                      class=""
                                    >
                                      12
                                    </span>
                                  </td>
                                  <td
                                    class=""
                                  >
                                    <span
                                      class=""
                                    >
                                      13
                                    </span>
                                  </td>
                                </tr>
                                <tr>
                                  <td
                                    class=""
                                  >
                                    <span
                                      class=""
                                    >
                                      14
                                    </span>
                                  </td>
                                  <td
                                    class=""
                                  >
                                    <span
                                      class=""
                                    >
                                      15
                                    </span>
                                  </td>
                                  <td
                                    class=""
                                  >
                                    <span
                                      class=""
                                    >
                                      16
                                    </span>
                                  </td>
                                  <td
                                    class=""
                                  >
                                    <span
                                      class=""
                                    >
                                      17
                                    </span>
                                  </td>
                                  <td
                                    class=""
                                  >
                                    <span
                                      class=""
                                    >
                                      18
                                    </span>
                                  </td>
                                  <td
                                    class=""
                                  >
                                    <span
                                      class=""
                                    >
                                      19
                                    </span>
                                  </td>
                                  <td
                                    class=""
                                  >
                                    <span
                                      class=""
                                    >
                                      20
                                    </span>
                                  </td>
                                </tr>
                                <tr>
                                  <td
                                    class=""
                                  >
                                    <span
                                      class=""
                                    >
                                      21
                                    </span>
                                  </td>
                                  <td
                                    class=""
                                  >
                                    <span
                                      class=""
                                    >
                                      22
                                    </span>
                                  </td>
                                  <td
                                    class=""
                                  >
                                    <span
                                      class=""
                                    >
                                      23
                                    </span>
                                  </td>
                                  <td
                                    class=""
                                  >
                                    <span
                                      class=""
                                    >
                                      24
                                    </span>
                                  </td>
                                  <td
                                    class=""
                                  >
                                    <span
                                      class=""
                                    >
                                      25
                                    </span>
                                  </td>
                                  <td
                                    class=""
                                  >
                                    <span
                                      class=""
                                    >
                                      26
                                    </span>
                                  </td>
                                  <td
                                    class=""
                                  >
                                    <span
                                      class=""
                                    >
                                      27
                                    </span>
                                  </td>
                                </tr>
                                <tr>
                                  <td
                                    class=""
                                  >
                                    <span
                                      class=""
                                    >
                                      28
                                    </span>
                                  </td>
                                  <td
                                    class=""
                                  >
                                    <span
                                      class=""
                                    >
                                      29
                                    </span>
                                  </td>
                                  <td
                                    class=""
                                  >
                                    <span
                                      class=""
                                    >
                                      30
                                    </span>
                                  </td>
                                  <td
                                    class="p-datepicker-other-month"
                                  >
                                    <span
                                      class="p-disabled"
                                    >
                                      1
                                    </span>
                                  </td>
                                  <td
                                    class="p-datepicker-other-month"
                                  >
                                    <span
                                      class="p-disabled"
                                    >
                                      2
                                    </span>
                                  </td>
                                  <td
                                    class="p-datepicker-other-month"
                                  >
                                    <span
                                      class="p-disabled"
                                    >
                                      3
                                    </span>
                                  </td>
                                  <td
                                    class="p-datepicker-other-month"
                                  >
                                    <span
                                      class="p-disabled"
                                    >
                                      4
                                    </span>
                                  </td>
                                </tr>
                              </tbody>
                            </table>
                          </div>
                        </div>
                        <div
                          class="p-datepicker-buttonbar"
                        >
                          <button
                            class="p-button p-component p-button-secondary p-button-text-only"
                            type="button"
                          >
                            <span
                              class="p-button-text p-c"
                            >
                              Today
                            </span>
                          </button>
                          <button
                            class="p-button p-component p-button-secondary p-button-text-only"
                            type="button"
                          >
                            <span
                              class="p-button-text p-c"
                            >
                              Clear
                            </span>
                          </button>
                        </div>
                      </div>
                    </span>
                    <label
                      for="paymentDate"
                    >
                      Payment Date
                    </label>
                  </div>
                </div>
                <div
                  class="p-col-12 row"
                >
                  <div
                    class="input-wrapper p-float-label"
                  >
                    <span
                      class="p-inputwrapper-focus"
                    >
                      <div
                        class="p-dropdown p-component"
                        id="method"
                      >
                        <div
                          class="p-hidden-accessible"
                        >
                          <input
                            aria-haspopup="listbox"
                            readonly=""
                            type="text"
                          />
                        </div>
                        <div
                          class="p-hidden-accessible p-dropdown-hidden-select"
                        >
                          <select
                            aria-hidden="true"
                            name="method"
                            tabindex="-1"
                          >
                            <option
                              value=""
                            />
                            <option
                              value="1"
                            >
                              Cash
                            </option>
                          </select>
                        </div>
                        <label
                          class="p-dropdown-label p-inputtext"
                        >
                          Cash
                        </label>
                        <div
                          aria-haspopup="listbox"
                          class="p-dropdown-trigger"
                          role="button"
                        >
                          <span
                            class="p-dropdown-trigger-icon pi pi-chevron-down p-clickable"
                          />
                        </div>
                        <div
                          class="p-dropdown-panel p-hidden p-input-overlay"
                        >
                          <div
                            class="p-dropdown-items-wrapper"
                            style="max-height: 200px;"
                          >
                            <ul
                              class="p-dropdown-items p-dropdown-list p-component"
                              role="listbox"
                            >
                              <li
                                aria-label="Cashless"
                                aria-selected="false"
                                class="p-dropdown-item"
                                role="option"
                              >
                                Cashless
                              </li>
                              <li
                                aria-label="Cash"
                                aria-selected="true"
                                class="p-dropdown-item p-highlight"
                                role="option"
                              >
                                Cash
                              </li>
                            </ul>
                          </div>
                        </div>
                      </div>
                    </span>
                    <label>
                      Payment Method
                    </label>
                  </div>
                </div>
                <div
                  class="p-col-12 row"
                >
                  <div
                    class="input-wrapper p-float-label"
                  >
                    <span
                      class="p-inputwrapper-focus"
                    >
                      <div
                        class="p-dropdown p-component"
                        id="status"
                      >
                        <div
                          class="p-hidden-accessible"
                        >
                          <input
                            aria-haspopup="listbox"
                            readonly=""
                            type="text"
                          />
                        </div>
                        <div
                          class="p-hidden-accessible p-dropdown-hidden-select"
                        >
                          <select
                            aria-hidden="true"
                            name="status"
                            tabindex="-1"
                          >
                            <option
                              value=""
                            />
                            <option
                              value="false"
                            >
                              Not Paid
                            </option>
                          </select>
                        </div>
                        <label
                          class="p-dropdown-label p-inputtext"
                        >
                          Not Paid
                        </label>
                        <div
                          aria-haspopup="listbox"
                          class="p-dropdown-trigger"
                          role="button"
                        >
                          <span
                            class="p-dropdown-trigger-icon pi pi-chevron-down p-clickable"
                          />
                        </div>
                        <div
                          class="p-dropdown-panel p-hidden p-input-overlay"
                        >
                          <div
                            class="p-dropdown-items-wrapper"
                            style="max-height: 200px;"
                          >
                            <ul
                              class="p-dropdown-items p-dropdown-list p-component"
                              role="listbox"
                            >
                              <li
                                aria-label="Paid"
                                aria-selected="false"
                                class="p-dropdown-item"
                                role="option"
                              >
                                Paid
                              </li>
                              <li
                                aria-label="Not Paid"
                                aria-selected="true"
                                class="p-dropdown-item p-highlight"
                                role="option"
                              >
                                Not Paid
                              </li>
                            </ul>
                          </div>
                        </div>
                      </div>
                    </span>
                    <label>
                      Payment Status
                    </label>
                  </div>
                </div>
                <div
                  class="p-col-12 row"
                >
                  <div
                    class="input-wrapper p-float-label"
                  >
                    <span
                      aria-expanded="false"
                      aria-haspopup="listbox"
                      aria-owns="pr_id_1_list"
                      class="p-autocomplete p-component p-autocomplete-multiple"
                    >
                      <ul
                        class="p-autocomplete-multiple-container p-component p-inputtext"
                      >
                        <li
                          class="p-autocomplete-input-token"
                        >
                          <input
                            aria-autocomplete="list"
                            aria-controls="pr_id_1_list"
                            autocomplete="off"
                            role="searchbox"
                            type="text"
                          />
                        </li>
                      </ul>
                      <i
                        class="p-autocomplete-loader pi pi-spinner pi-spin"
                        style="visibility: hidden;"
                      />
                      <div
                        class="p-autocomplete-panel p-input-overlay"
                        style="max-height: 200px;"
                      >
                        <ul
                          class="p-autocomplete-items p-autocomplete-list p-component p-reset"
                          id="pr_id_1_list"
                          role="listbox"
                        />
                      </div>
                    </span>
                    <label>
                      Orders
                    </label>
                  </div>
                </div>
                <div
                  class="p-col-12 row"
                >
                  <div
                    class="input-wrapper p-float-label"
                  >
                    <span
                      aria-expanded="false"
                      aria-haspopup="listbox"
                      aria-owns="pr_id_2_list"
                      class="p-autocomplete p-component"
                    >
                      <input
                        aria-autocomplete="list"
                        aria-controls="pr_id_2_list"
                        autocomplete="off"
                        class="p-inputtext p-component p-autocomplete-input"
                        role="searchbox"
                        type="text"
                        value=""
                      />
                      <i
                        class="p-autocomplete-loader pi pi-spinner pi-spin"
                        style="visibility: hidden;"
                      />
                      <div
                        class="p-autocomplete-panel p-input-overlay"
                        style="max-height: 200px;"
                      >
                        <ul
                          class="p-autocomplete-items p-autocomplete-list p-component p-reset"
                          id="pr_id_2_list"
                          role="listbox"
                        />
                      </div>
                    </span>
                    <label>
                      Client
                    </label>
                  </div>
                </div>
                <div
                  class="p-col-12"
                >
                  <label>
                    Description
                  </label>
                  <textarea
                    class="p-inputtext p-inputtextarea p-component p-inputtextarea-resizable"
                    data-testid="description"
                    name="description"
                    rows="5"
                    style="overflow: hidden;"
                  />
                </div>
                <div
                  class="p-col-12"
                >
                  <label>
                    Comments
                  </label>
                  <textarea
                    class="p-inputtext p-inputtextarea p-component p-inputtextarea-resizable"
                    data-testid="notes"
                    name="notes"
                    rows="5"
                    style="overflow: hidden;"
                  />
                </div>
                <div
                  class="p-col-12 center action"
                >
                  <button
                    class="p-button p-component p-button-raised p-button-text-only"
                    data-testid="save"
                    type="submit"
                  >
                    <span
                      class="p-button-text p-c"
                    >
                      Save
                    </span>
                  </button>
                </div>
              </form>
            </div>
          </div>
        </div>
        <div
          class="p-lg-9 p-md-8 p-col-12"
        >
          <div
            class="card"
          >
            <div
              class="sc-AxhCb kPJbvZ"
            >
              <div
                class="topbar p-grid"
              >
                <div
                  class="payment-filter p-md-8 p-col-12"
                >
                  <div
                    class="sc-AxiKw fcFRQu"
                  >
                    <div
                      class="p-inputgroup p-col-12 p-md-6"
                    >
                      <span
                        class="p-inputgroup-addon"
                      >
                        <i
                          class="fa fa-search"
                        />
                      </span>
                      <input
                        class="p-inputtext p-component"
                        data-testid="searchTerm"
                        placeholder="Search by number..."
                        type="text"
                        value=""
                      />
                    </div>
                  </div>
                </div>
                <div
                  class="button p-md-4 p-col-12"
                >
                  <button
                    class="p-button p-component raised-btn p-button-text-icon-left"
                    type="button"
                  >
                    <span
                      class="fa fa-plus p-c p-button-icon-left"
                    />
                    <span
                      class="p-button-text p-c"
                    >
                      Create payment
                    </span>
                  </button>
                </div>
              </div>
              <div
                class="p-datatable p-component p-datatable-hoverable-rows"
              >
                <div
                  class="p-datatable-wrapper"
                >
                  <table
                    role="grid"
                  >
                    <thead
                      class="p-datatable-thead"
                    >
                      <tr>
                        <th
                          aria-sort="none"
                          class="p-sortable-column p-highlight id"
                        >
                          <span
                            class="p-column-title"
                          >
                            Num.
                          </span>
                          <span
                            class="p-sortable-column-icon pi pi-fw pi-sort-amount-down"
                          />
                        </th>
                        <th
                          aria-sort="none"
                          class="p-sortable-column total"
                        >
                          <span
                            class="p-column-title"
                          >
                            Total
                          </span>
                          <span
                            class="p-sortable-column-icon pi pi-fw pi-sort-alt"
                          />
                        </th>
                        <th
                          class=""
                        >
                          <span
                            class="p-column-title"
                          >
                            Payment Method
                          </span>
                        </th>
                        <th
                          class=""
                        >
                          <span
                            class="p-column-title"
                          >
                            Payment Status
                          </span>
                        </th>
                        <th
                          class=""
                        >
                          <span
                            class="p-column-title"
                          >
                            Due Date
                          </span>
                        </th>
                        <th
                          aria-sort="none"
                          class="p-sortable-column createdAt"
                        >
                          <span
                            class="p-column-title"
                          >
                            Created At
                          </span>
                          <span
                            class="p-sortable-column-icon pi pi-fw pi-sort-alt"
                          />
                        </th>
                        <th
                          class=""
                        >
                          <span
                            class="p-column-title"
                          >
                            Client
                          </span>
                        </th>
                      </tr>
                    </thead>
                    <tbody
                      class="p-datatable-tbody"
                    >
                      <tr
                        class="p-datatable-row"
                        tabindex="0"
                      >
                        <td
                          class=""
                        >
                          <a
                            href="/"
                          >
                            1
                          </a>
                        </td>
                        <td
                          class=""
                        >
                          <span>
                            $10.00
                          </span>
                        </td>
                        <td
                          class=""
                        >
                          <span>
                            Cash
                          </span>
                        </td>
                        <td
                          class=""
                        >
                          <span>
                            No
                          </span>
                        </td>
                        <td
                          class=""
                        >
                          <span>
                            23.04.2019
                          </span>
                        </td>
                        <td
                          class=""
                        >
                          <span>
                            16.04.2019
                          </span>
                        </td>
                        <td
                          class=""
                        >
                          <a
                            href="/"
                          >
                            test@test.com
                          </a>
                        </td>
                      </tr>
                    </tbody>
                  </table>
                </div>
              </div>
              <div
                class="p-paginator p-component p-unselectable-text"
              >
                <button
                  class="p-paginator-first p-paginator-element p-link p-disabled"
                  disabled=""
                  type="button"
                >
                  <span
                    class="p-paginator-icon pi pi-step-backward"
                  />
                </button>
                <button
                  class="p-paginator-prev p-paginator-element p-link p-disabled"
                  disabled=""
                  type="button"
                >
                  <span
                    class="p-paginator-icon pi pi-caret-left"
                  />
                </button>
                <span
                  class="p-paginator-pages"
                >
                  <button
                    class="p-paginator-page p-paginator-element p-link p-highlight"
                    type="button"
                  >
                    1
                  </button>
                </span>
                <button
                  class="p-paginator-next p-paginator-element p-link p-disabled"
                  disabled=""
                  type="button"
                >
                  <span
                    class="p-paginator-icon pi pi-caret-right"
                  />
                </button>
                <button
                  class="p-paginator-last p-paginator-element p-link p-disabled"
                  disabled=""
                  type="button"
                >
                  <span
                    class="p-paginator-icon pi pi-step-forward"
                  />
                </button>
              </div>
            </div>
          </div>
        </div>
      </div>
    </div>
  </div>
</body>
`;
