// Jest Snapshot v1, https://goo.gl/fbAQLP

exports[`[Profile] AddressForm should render address form 1`] = `
<body>
  <div>
    <div
      class="sc-AykKC eKHpuZ"
    >
      <h3>
        Address
      </h3>
      <div
        class="p-grid"
      >
        <div
          class="p-col-12 row"
        >
          <div
            class="input-wrapper p-float-label"
          >
            <input
              class="p-inputtext p-component"
              data-testid="country"
              id="country"
              name="address.country"
              type="text"
              value=""
            />
            <label
              for="country"
            >
              Country
            </label>
            <i
              class="fa fa-globe"
            />
          </div>
        </div>
        <div
          class="p-col-12 row"
        >
          <div
            class="input-wrapper p-float-label"
          >
            <input
              class="p-inputtext p-component"
              data-testid="city"
              id="city"
              name="address.city"
              type="text"
              value=""
            />
            <label
              for="city"
            >
              City
            </label>
            <i
              class="fa fa-globe"
            />
          </div>
        </div>
        <div
          class="p-col-12 row"
        >
          <div
            class="input-wrapper p-float-label"
          >
            <input
              class="p-inputtext p-component"
              data-testid="street"
              id="street"
              name="address.street"
              type="text"
              value=""
            />
            <label
              for="street"
            >
              Street
            </label>
            <i
              class="fa fa-building-o"
            />
          </div>
        </div>
        <div
          class="p-col-12 row"
        >
          <div
            class="input-wrapper p-float-label"
          >
            <input
              class="p-inputtext p-component"
              data-testid="house"
              id="house"
              name="address.house"
              type="text"
              value=""
            />
            <label
              for="house"
            >
              House
            </label>
            <i
              class="fa fa-building-o"
            />
          </div>
        </div>
      </div>
    </div>
  </div>
</body>
`;
