// Jest Snapshot v1, https://goo.gl/fbAQLP

exports[`[Profile] PasswordForm should render password form 1`] = `
<body>
  <div>
    <div
      class="sc-AxjAm icXODU"
    >
      <h3>
        Change Password
      </h3>
      <div
        class="p-grid"
      >
        <div
          class="p-col-12 row"
        >
          <div
            class="input-wrapper p-float-label"
          >
            <input
              class="p-inputtext p-component"
              data-testid="oldPassword"
              id="oldPassword"
              name="oldPassword"
              type="password"
              value=""
            />
            <label
              for="oldPassword"
            >
              Current Password
            </label>
            <i
              class="fa fa-lock"
            />
          </div>
        </div>
        <div
          class="p-col-12 row"
        >
          <div
            class="input-wrapper p-float-label"
          >
            <input
              class="p-inputtext p-component"
              data-testid="newPassword"
              id="newPassword"
              name="newPassword"
              type="password"
              value=""
            />
            <label>
              New Password
            </label>
            <i
              class="fa fa-lock"
            />
          </div>
        </div>
        <div
          class="p-col-12 row"
        >
          <div
            class="input-wrapper p-float-label"
          >
            <input
              class="p-inputtext p-component"
              data-testid="confirmPassword"
              id="confirmPassword"
              name="confirmPassword"
              type="password"
              value=""
            />
            <label
              for="confirmPassword"
            >
              Confirm Password
            </label>
            <i
              class="fa fa-lock"
            />
          </div>
        </div>
        <div
          class="p-col-12 row center"
        >
          <button
            class="p-button p-component p-button-raised p-button-text-only"
            data-testid="change-password"
            type="button"
          >
            <span
              class="p-button-text p-c"
            >
              Change Password
            </span>
          </button>
        </div>
      </div>
    </div>
  </div>
</body>
`;
