// Jest Snapshot v1, https://goo.gl/fbAQLP

exports[`[Profile] ContactsForm should render contacts form 1`] = `
<body>
  <div>
    <div
      class="sc-AykKC jlhElc"
    >
      <h3>
        Contacts
      </h3>
      <div
        class="p-grid"
      >
        <div
          class="p-col-12 row"
        >
          <div
            class="input-wrapper p-float-label"
          >
            <input
              class="p-inputtext p-component"
              data-testid="firstName"
              id="firstName"
              value=""
            />
            <label
              for="firstName"
            >
              First Name
            </label>
            <i
              class="fa fa-user-circle-o"
            />
          </div>
        </div>
        <div
          class="p-col-12 row"
        >
          <div
            class="input-wrapper p-float-label"
          >
            <input
              class="p-inputtext p-component"
              data-testid="lastName"
              id="lastName"
              value=""
            />
            <label
              for="lastName"
            >
              Last Name
            </label>
            <i
              class="fa fa-user-circle-o"
            />
          </div>
        </div>
        <div
          class="p-col-12 row"
        >
          <div
            class="input-wrapper p-float-label"
          >
            <input
              class="p-inputtext p-component"
              data-testid="company"
              id="company"
              value=""
            />
            <label
              for="company"
            >
              Company
            </label>
            <i
              class="fa fa-building-o"
            />
          </div>
        </div>
        <div
          class="p-col-12 row"
        >
          <div
            class="input-wrapper p-float-label"
          >
            <input
              class="p-inputtext p-component p-filled"
              data-testid="email"
              id="email"
              value="test@test.com"
            />
            <label
              for="email"
            >
              Email
            </label>
            <i
              class="fa fa-envelope-o"
            />
          </div>
        </div>
        <div
          class="p-col-12 row"
        >
          <div
            class="input-wrapper p-float-label"
          >
            <input
              class="p-inputtext p-component"
              id="phone"
              name="phone"
              type="text"
            />
            <label
              for="phone"
            >
              Phone
            </label>
            <i
              class="fa fa-phone"
            />
          </div>
        </div>
      </div>
    </div>
  </div>
</body>
`;
