// Jest Snapshot v1, https://goo.gl/fbAQLP

exports[`UpdateOrder should render successfully with data 1`] = `
<body>
  <div>
    <div
      class="sc-AykKD bVjBsI"
    >
      <div
        class="p-growl p-component p-growl-topright"
      >
        <div />
      </div>
      <div
        class="p-grid"
      >
        <div
          class="p-col-12"
        >
          <div
            class="card no-margin-bottom"
          >
            <h2>
              Order Info
            </h2>
          </div>
        </div>
        <form
          class="p-grid"
          data-testid="updateOrderForm"
          id="updateOrderForm"
        >
          <div
            class="p-col-12 p-lg-4"
          >
            <div
              class="card no-margin-bottom"
            >
              <h4>
                Main Info
              </h4>
              <div
                class="p-grid"
              >
                <div
                  class="p-col-12 row"
                >
                  <div
                    class="input-wrapper p-float-label"
                  >
                    <input
                      class="p-inputtext p-component p-filled"
                      data-testid="id"
                      id="id"
                      name="id"
                      readonly=""
                      value="1"
                    />
                    <label
                      for="id"
                    >
                      Order Number
                    </label>
                  </div>
                </div>
                <div
                  class="p-col-12 row"
                >
                  <div
                    class="input-wrapper p-float-label"
                  >
                    <input
                      class="p-inputtext p-component p-filled"
                      data-testid="cargoName"
                      id="cargoName"
                      name="cargoName"
                      value="Computers"
                    />
                    <label
                      for="cargoName"
                    >
                      Cargo Name
                    </label>
                  </div>
                </div>
                <div
                  class="p-col-12 row"
                >
                  <div
                    class="input-wrapper p-float-label"
                  >
                    <span
                      class="p-spinner p-component p-inputwrapper-filled"
                      id="cargoWeight"
                    >
                      <input
                        aria-valuenow="12"
                        class="p-inputtext p-component p-spinner-input p-filled"
                        name="cargoWeight"
                        type="text"
                        value="12"
                      />
                      <button
                        class="p-spinner-button p-spinner-button-up p-button p-component"
                        type="button"
                      >
                        <span
                          class="p-spinner-button-icon pi pi-caret-up"
                        />
                      </button>
                      <button
                        class="p-spinner-button p-spinner-button-down p-button p-component"
                        type="button"
                      >
                        <span
                          class="p-spinner-button-icon pi pi-caret-down"
                        />
                      </button>
                    </span>
                    <label
                      for="cargoWeight"
                    >
                      Weight
                    </label>
                  </div>
                </div>
                <div
                  class="p-col-12 row"
                >
                  <div
                    class="input-wrapper p-float-label"
                  >
                    <span
                      class="p-spinner p-component"
                      id="cargoVolume"
                    >
                      <input
                        aria-valuenow=""
                        class="p-inputtext p-component p-spinner-input"
                        name="cargoVolume"
                        type="text"
                        value=""
                      />
                      <button
                        class="p-spinner-button p-spinner-button-up p-button p-component"
                        type="button"
                      >
                        <span
                          class="p-spinner-button-icon pi pi-caret-up"
                        />
                      </button>
                      <button
                        class="p-spinner-button p-spinner-button-down p-button p-component"
                        type="button"
                      >
                        <span
                          class="p-spinner-button-icon pi pi-caret-down"
                        />
                      </button>
                    </span>
                    <label
                      for="cargoVolume"
                    >
                      Volume
                    </label>
                  </div>
                </div>
                <div
                  class="p-col-12 row"
                >
                  <div
                    class="input-wrapper p-float-label"
                  >
                    <input
                      class="p-inputtext p-component p-filled"
                      data-testid="cityFrom"
                      id="cityFrom"
                      name="cityFrom"
                      type="text"
                      value="Kyiv"
                    />
                    <label
                      for="cityFrom"
                    >
                      From City
                    </label>
                  </div>
                </div>
                <div
                  class="p-col-12 row"
                >
                  <div
                    class="input-wrapper p-float-label"
                  >
                    <input
                      class="p-inputtext p-component p-filled"
                      data-testid="cityTo"
                      id="cityTo"
                      name="cityTo"
                      type="text"
                      value="Dnipro"
                    />
                    <label
                      for="cityTo"
                    >
                      To City
                    </label>
                  </div>
                </div>
                <div
                  class="p-col-12 row"
                >
                  <div
                    class="input-wrapper p-float-label"
                  >
                    <input
                      class="p-inputtext p-component p-filled"
                      data-testid="addressFrom"
                      id="addressFrom"
                      name="addressFrom"
                      type="text"
                      value="From, 12"
                    />
                    <label
                      for="addressFrom"
                    >
                      From Address
                    </label>
                  </div>
                </div>
                <div
                  class="p-col-12 row"
                >
                  <div
                    class="input-wrapper p-float-label"
                  >
                    <input
                      class="p-inputtext p-component p-filled"
                      data-testid="addressTo"
                      id="addressTo"
                      name="addressTo"
                      type="text"
                      value="To, 1"
                    />
                    <label
                      for="addressTo"
                    >
                      To Address
                    </label>
                  </div>
                </div>
                <div
                  class="p-col-12 row"
                >
                  <label>
                    Additional Data
                  </label>
                  <textarea
                    class="p-inputtext p-inputtextarea p-component p-filled p-inputtextarea-resizable"
                    data-testid="additionalData"
                    name="additionalData"
                    rows="5"
                    style="overflow: hidden;"
                  >
                    test
                  </textarea>
                </div>
                <div
                  class="p-col-12 row"
                >
                  <label>
                    Comment
                  </label>
                  <textarea
                    class="p-inputtext p-inputtextarea p-component p-filled p-inputtextarea-resizable"
                    data-testid="comment"
                    name="comment"
                    rows="5"
                    style="overflow: hidden;"
                  >
                    fragile
                  </textarea>
                </div>
              </div>
            </div>
          </div>
          <div
            class="p-col-12 p-lg-8"
          >
            <div
              class="card"
            >
              <h4>
                Sender Info
              </h4>
              <div
                class="p-grid"
              >
                <div
                  class="p-col-12 p-lg-3 row"
                >
                  <div
                    class="input-wrapper p-float-label"
                  >
                    <input
                      class="p-inputtext p-component p-filled"
                      data-testid="senderCompany"
                      id="senderCompany"
                      name="senderCompany"
                      type="text"
                      value="Computers LTD"
                    />
                    <label
                      for="senderCompany"
                    >
                      Company
                    </label>
                  </div>
                </div>
                <div
                  class="p-col-12 p-lg-3 row"
                >
                  <div
                    class="input-wrapper p-float-label"
                  >
                    <input
                      class="p-inputtext p-component p-filled"
                      data-testid="senderName"
                      id="senderName"
                      name="senderName"
                      type="text"
                      value="Jane Lane"
                    />
                    <label
                      for="senderName"
                    >
                      Name
                    </label>
                  </div>
                </div>
                <div
                  class="p-col-12 p-lg-3 row"
                >
                  <div
                    class="input-wrapper p-float-label"
                  >
                    <input
                      class="p-inputtext p-component p-filled"
                      data-testid="senderEmail"
                      id="senderEmail"
                      name="senderEmail"
                      type="text"
                      value="sender@test.com"
                    />
                    <label
                      for="senderEmail"
                    >
                      Email
                    </label>
                  </div>
                </div>
                <div
                  class="p-col-12 p-lg-3 row"
                >
                  <div
                    class="input-wrapper p-float-label"
                  >
                    <input
                      class="p-inputtext p-component p-filled"
                      id="senderPhone"
                      name="senderPhone"
                      type="text"
                    />
                    <label
                      for="senderPhone"
                    >
                      Phone
                    </label>
                  </div>
                </div>
              </div>
            </div>
            <div
              class="card"
            >
              <h4>
                Payment Info
              </h4>
              <div
                class="p-grid"
              >
                <div
                  class="p-col-12 p-lg-3 row"
                >
                  <div
                    class="input-wrapper p-float-label"
                  >
                    <span
                      class="p-spinner p-component"
                      id="deliveryCosts"
                    >
                      <input
                        aria-valuenow=""
                        class="p-inputtext p-component p-spinner-input p-disabled"
                        disabled=""
                        name="deliveryCosts"
                        type="text"
                        value=""
                      />
                      <button
                        class="p-spinner-button p-spinner-button-up p-button p-component p-disabled"
                        disabled=""
                        type="button"
                      >
                        <span
                          class="p-spinner-button-icon pi pi-caret-up"
                        />
                      </button>
                      <button
                        class="p-spinner-button p-spinner-button-down p-button p-component p-disabled"
                        disabled=""
                        type="button"
                      >
                        <span
                          class="p-spinner-button-icon pi pi-caret-down"
                        />
                      </button>
                    </span>
                    <label
                      for="deliveryCosts"
                    >
                      Amount, $
                    </label>
                  </div>
                </div>
                <div
                  class="p-col-12 p-lg-3 row"
                >
                  <div
                    class="input-wrapper p-float-label"
                  >
                    <span
                      class="p-inputwrapper-focus"
                    >
                      <div
                        class="p-dropdown p-component p-disabled"
                        id="paid"
                      >
                        <div
                          class="p-hidden-accessible"
                        >
                          <input
                            aria-haspopup="listbox"
                            disabled=""
                            readonly=""
                            type="text"
                          />
                        </div>
                        <div
                          class="p-hidden-accessible p-dropdown-hidden-select"
                        >
                          <select
                            aria-hidden="true"
                            name="paid"
                            tabindex="-1"
                          >
                            <option
                              value=""
                            />
                            <option
                              value="false"
                            >
                              Not Paid
                            </option>
                          </select>
                        </div>
                        <label
                          class="p-dropdown-label p-inputtext"
                        >
                          Not Paid
                        </label>
                        <div
                          aria-haspopup="listbox"
                          class="p-dropdown-trigger"
                          role="button"
                        >
                          <span
                            class="p-dropdown-trigger-icon pi pi-chevron-down p-clickable"
                          />
                        </div>
                        <div
                          class="p-dropdown-panel p-hidden p-input-overlay"
                        >
                          <div
                            class="p-dropdown-items-wrapper"
                            style="max-height: 200px;"
                          >
                            <ul
                              class="p-dropdown-items p-dropdown-list p-component"
                              role="listbox"
                            >
                              <li
                                aria-label="Paid"
                                aria-selected="false"
                                class="p-dropdown-item"
                                role="option"
                              >
                                Paid
                              </li>
                              <li
                                aria-label="Not Paid"
                                aria-selected="true"
                                class="p-dropdown-item p-highlight"
                                role="option"
                              >
                                Not Paid
                              </li>
                            </ul>
                          </div>
                        </div>
                      </div>
                    </span>
                    <label>
                      Payment Status
                    </label>
                  </div>
                </div>
                <div
                  class="p-col-12 p-lg-3 row"
                >
                  <div
                    class="input-wrapper p-float-label"
                  >
                    <span
                      class="p-calendar p-calendar-w-btn"
                      id="paymentDate"
                    >
                      <input
                        autocomplete="off"
                        class="p-inputtext p-component p-inputtext p-component p-disabled"
                        disabled=""
                        name="paymentDate"
                        type="text"
                      />
                      <button
                        class="p-button p-component p-datepicker-trigger p-calendar-button p-button-icon-only p-disabled"
                        disabled=""
                        tabindex="-1"
                        type="button"
                      >
                        <span
                          class="pi pi-calendar p-c p-button-icon-left"
                        />
                        <span
                          class="p-button-text p-c"
                        >
                          p-btn
                        </span>
                      </button>
                      <div
                        class="p-datepicker p-component p-input-overlay p-shadow p-disabled"
                      >
                        <div
                          class="p-datepicker-group"
                        >
                          <div
                            class="p-datepicker-header"
                          >
                            <button
                              class="p-datepicker-prev p-link"
                              type="button"
                            >
                              <span
                                class="p-datepicker-prev-icon pi pi-chevron-left"
                              />
                            </button>
                            <button
                              class="p-datepicker-next p-link"
                              type="button"
                            >
                              <span
                                class="p-datepicker-next-icon pi pi-chevron-right"
                              />
                            </button>
                            <div
                              class="p-datepicker-title"
                            >
                              <span
                                class="p-datepicker-month"
                              >
                                March
                              </span>
                              <span
                                class="p-datepicker-year"
                              >
                                2020
                              </span>
                            </div>
                          </div>
                          <div
                            class="p-datepicker-calendar-container"
                          >
                            <table
                              class="p-datepicker-calendar"
                            >
                              <thead>
                                <tr>
                                  <th
                                    scope="col"
                                  >
                                    <span>
                                      Su
                                    </span>
                                  </th>
                                  <th
                                    scope="col"
                                  >
                                    <span>
                                      Mo
                                    </span>
                                  </th>
                                  <th
                                    scope="col"
                                  >
                                    <span>
                                      Tu
                                    </span>
                                  </th>
                                  <th
                                    scope="col"
                                  >
                                    <span>
                                      We
                                    </span>
                                  </th>
                                  <th
                                    scope="col"
                                  >
                                    <span>
                                      Th
                                    </span>
                                  </th>
                                  <th
                                    scope="col"
                                  >
                                    <span>
                                      Fr
                                    </span>
                                  </th>
                                  <th
                                    scope="col"
                                  >
                                    <span>
                                      Sa
                                    </span>
                                  </th>
                                </tr>
                              </thead>
                              <tbody>
                                <tr>
                                  <td
                                    class=""
                                  >
                                    <span
                                      class=""
                                    >
                                      1
                                    </span>
                                  </td>
                                  <td
                                    class=""
                                  >
                                    <span
                                      class=""
                                    >
                                      2
                                    </span>
                                  </td>
                                  <td
                                    class=""
                                  >
                                    <span
                                      class=""
                                    >
                                      3
                                    </span>
                                  </td>
                                  <td
                                    class=""
                                  >
                                    <span
                                      class=""
                                    >
                                      4
                                    </span>
                                  </td>
                                  <td
                                    class=""
                                  >
                                    <span
                                      class=""
                                    >
                                      5
                                    </span>
                                  </td>
                                  <td
                                    class=""
                                  >
                                    <span
                                      class=""
                                    >
                                      6
                                    </span>
                                  </td>
                                  <td
                                    class=""
                                  >
                                    <span
                                      class=""
                                    >
                                      7
                                    </span>
                                  </td>
                                </tr>
                                <tr>
                                  <td
                                    class=""
                                  >
                                    <span
                                      class=""
                                    >
                                      8
                                    </span>
                                  </td>
                                  <td
                                    class=""
                                  >
                                    <span
                                      class=""
                                    >
                                      9
                                    </span>
                                  </td>
                                  <td
                                    class=""
                                  >
                                    <span
                                      class=""
                                    >
                                      10
                                    </span>
                                  </td>
                                  <td
                                    class=""
                                  >
                                    <span
                                      class=""
                                    >
                                      11
                                    </span>
                                  </td>
                                  <td
                                    class=""
                                  >
                                    <span
                                      class=""
                                    >
                                      12
                                    </span>
                                  </td>
                                  <td
                                    class=""
                                  >
                                    <span
                                      class=""
                                    >
                                      13
                                    </span>
                                  </td>
                                  <td
                                    class=""
                                  >
                                    <span
                                      class=""
                                    >
                                      14
                                    </span>
                                  </td>
                                </tr>
                                <tr>
                                  <td
                                    class=""
                                  >
                                    <span
                                      class=""
                                    >
                                      15
                                    </span>
                                  </td>
                                  <td
                                    class=""
                                  >
                                    <span
                                      class=""
                                    >
                                      16
                                    </span>
                                  </td>
                                  <td
                                    class=""
                                  >
                                    <span
                                      class=""
                                    >
                                      17
                                    </span>
                                  </td>
                                  <td
                                    class=""
                                  >
                                    <span
                                      class=""
                                    >
                                      18
                                    </span>
                                  </td>
                                  <td
                                    class=""
                                  >
                                    <span
                                      class=""
                                    >
                                      19
                                    </span>
                                  </td>
                                  <td
                                    class=""
                                  >
                                    <span
                                      class=""
                                    >
                                      20
                                    </span>
                                  </td>
                                  <td
                                    class=""
                                  >
                                    <span
                                      class=""
                                    >
                                      21
                                    </span>
                                  </td>
                                </tr>
                                <tr>
                                  <td
                                    class=""
                                  >
                                    <span
                                      class=""
                                    >
                                      22
                                    </span>
                                  </td>
                                  <td
                                    class=""
                                  >
                                    <span
                                      class=""
                                    >
                                      23
                                    </span>
                                  </td>
                                  <td
                                    class=""
                                  >
                                    <span
                                      class=""
                                    >
                                      24
                                    </span>
                                  </td>
                                  <td
                                    class=""
                                  >
                                    <span
                                      class=""
                                    >
                                      25
                                    </span>
                                  </td>
                                  <td
                                    class=""
                                  >
                                    <span
                                      class=""
                                    >
                                      26
                                    </span>
                                  </td>
                                  <td
                                    class=""
                                  >
                                    <span
                                      class=""
                                    >
                                      27
                                    </span>
                                  </td>
                                  <td
                                    class=""
                                  >
                                    <span
                                      class=""
                                    >
                                      28
                                    </span>
                                  </td>
                                </tr>
                                <tr>
                                  <td
                                    class=""
                                  >
                                    <span
                                      class=""
                                    >
                                      29
                                    </span>
                                  </td>
                                  <td
                                    class=""
                                  >
                                    <span
                                      class=""
                                    >
                                      30
                                    </span>
                                  </td>
                                  <td
                                    class="p-datepicker-today"
                                  >
                                    <span
                                      class=""
                                      tabindex="0"
                                    >
                                      31
                                    </span>
                                  </td>
                                  <td
                                    class="p-datepicker-other-month"
                                  >
                                    <span
                                      class="p-disabled"
                                    >
                                      1
                                    </span>
                                  </td>
                                  <td
                                    class="p-datepicker-other-month"
                                  >
                                    <span
                                      class="p-disabled"
                                    >
                                      2
                                    </span>
                                  </td>
                                  <td
                                    class="p-datepicker-other-month"
                                  >
                                    <span
                                      class="p-disabled"
                                    >
                                      3
                                    </span>
                                  </td>
                                  <td
                                    class="p-datepicker-other-month"
                                  >
                                    <span
                                      class="p-disabled"
                                    >
                                      4
                                    </span>
                                  </td>
                                </tr>
                              </tbody>
                            </table>
                          </div>
                        </div>
                        <div
                          class="p-datepicker-buttonbar"
                        >
                          <button
                            class="p-button p-component p-button-secondary p-button-text-only"
                            type="button"
                          >
                            <span
                              class="p-button-text p-c"
                            >
                              Today
                            </span>
                          </button>
                          <button
                            class="p-button p-component p-button-secondary p-button-text-only"
                            type="button"
                          >
                            <span
                              class="p-button-text p-c"
                            >
                              Clear
                            </span>
                          </button>
                        </div>
                      </div>
                    </span>
                    <label>
                      Payment Date
                    </label>
                  </div>
                </div>
                <div
                  class="p-col-12 p-lg-3 row"
                >
                  <div
                    class="input-wrapper p-float-label"
                  >
                    <input
                      class="p-inputtext p-component p-disabled"
                      data-testid="invoiceId"
                      disabled=""
                      id="invoiceId"
                      name="invoiceId"
                      type="text"
                      value=""
                    />
                    <label
                      for="invoiceId"
                    >
                      Invoice Number
                    </label>
                  </div>
                </div>
              </div>
            </div>
            <div
              class="card no-margin-bottom"
            >
              <h4>
                Additional Info
              </h4>
              <div
                class="p-grid"
              >
                <div
                  class="p-col-12 p-lg-3 row"
                >
                  <div
                    class="input-wrapper p-float-label"
                  >
                    <span
                      class="p-inputwrapper-focus"
                    >
                      <div
                        class="p-dropdown p-component p-disabled"
                        id="status"
                      >
                        <div
                          class="p-hidden-accessible"
                        >
                          <input
                            aria-haspopup="listbox"
                            disabled=""
                            readonly=""
                            type="text"
                          />
                        </div>
                        <div
                          class="p-hidden-accessible p-dropdown-hidden-select"
                        >
                          <select
                            aria-hidden="true"
                            name="status"
                            tabindex="-1"
                          >
                            <option
                              value=""
                            />
                            <option
                              value="0"
                            >
                              New
                            </option>
                          </select>
                        </div>
                        <label
                          class="p-dropdown-label p-inputtext"
                        >
                          New
                        </label>
                        <div
                          aria-haspopup="listbox"
                          class="p-dropdown-trigger"
                          role="button"
                        >
                          <span
                            class="p-dropdown-trigger-icon pi pi-chevron-down p-clickable"
                          />
                        </div>
                        <div
                          class="p-dropdown-panel p-hidden p-input-overlay"
                        >
                          <div
                            class="p-dropdown-items-wrapper"
                            style="max-height: 200px;"
                          >
                            <ul
                              class="p-dropdown-items p-dropdown-list p-component"
                              role="listbox"
                            >
                              <li
                                aria-label="New"
                                aria-selected="true"
                                class="p-dropdown-item p-highlight"
                                role="option"
                              >
                                New
                              </li>
                              <li
                                aria-label="Calculated"
                                aria-selected="false"
                                class="p-dropdown-item"
                                role="option"
                              >
                                Calculated
                              </li>
                              <li
                                aria-label="Delivering"
                                aria-selected="false"
                                class="p-dropdown-item"
                                role="option"
                              >
                                Delivering
                              </li>
                              <li
                                aria-label="Delivered to warehouse"
                                aria-selected="false"
                                class="p-dropdown-item"
                                role="option"
                              >
                                Delivered to warehouse
                              </li>
                              <li
                                aria-label="Delivered to customer"
                                aria-selected="false"
                                class="p-dropdown-item"
                                role="option"
                              >
                                Delivered to customer
                              </li>
                              <li
                                aria-label="Canceled"
                                aria-selected="false"
                                class="p-dropdown-item"
                                role="option"
                              >
                                Canceled
                              </li>
                            </ul>
                          </div>
                        </div>
                      </div>
                    </span>
                    <label>
                      Order Status
                    </label>
                  </div>
                </div>
                <div
                  class="p-col-12 p-lg-3 row"
                >
                  <div
                    class="input-wrapper p-float-label"
                  >
                    <span
                      class="p-calendar p-calendar-w-btn"
                      id="deliveryDate"
                    >
                      <input
                        autocomplete="off"
                        class="p-inputtext p-component p-inputtext p-component p-disabled"
                        disabled=""
                        name="deliveryDate"
                        type="text"
                      />
                      <button
                        class="p-button p-component p-datepicker-trigger p-calendar-button p-button-icon-only p-disabled"
                        disabled=""
                        tabindex="-1"
                        type="button"
                      >
                        <span
                          class="pi pi-calendar p-c p-button-icon-left"
                        />
                        <span
                          class="p-button-text p-c"
                        >
                          p-btn
                        </span>
                      </button>
                      <div
                        class="p-datepicker p-component p-input-overlay p-shadow p-disabled"
                      >
                        <div
                          class="p-datepicker-group"
                        >
                          <div
                            class="p-datepicker-header"
                          >
                            <button
                              class="p-datepicker-prev p-link"
                              type="button"
                            >
                              <span
                                class="p-datepicker-prev-icon pi pi-chevron-left"
                              />
                            </button>
                            <button
                              class="p-datepicker-next p-link"
                              type="button"
                            >
                              <span
                                class="p-datepicker-next-icon pi pi-chevron-right"
                              />
                            </button>
                            <div
                              class="p-datepicker-title"
                            >
                              <span
                                class="p-datepicker-month"
                              >
                                March
                              </span>
                              <span
                                class="p-datepicker-year"
                              >
                                2020
                              </span>
                            </div>
                          </div>
                          <div
                            class="p-datepicker-calendar-container"
                          >
                            <table
                              class="p-datepicker-calendar"
                            >
                              <thead>
                                <tr>
                                  <th
                                    scope="col"
                                  >
                                    <span>
                                      Su
                                    </span>
                                  </th>
                                  <th
                                    scope="col"
                                  >
                                    <span>
                                      Mo
                                    </span>
                                  </th>
                                  <th
                                    scope="col"
                                  >
                                    <span>
                                      Tu
                                    </span>
                                  </th>
                                  <th
                                    scope="col"
                                  >
                                    <span>
                                      We
                                    </span>
                                  </th>
                                  <th
                                    scope="col"
                                  >
                                    <span>
                                      Th
                                    </span>
                                  </th>
                                  <th
                                    scope="col"
                                  >
                                    <span>
                                      Fr
                                    </span>
                                  </th>
                                  <th
                                    scope="col"
                                  >
                                    <span>
                                      Sa
                                    </span>
                                  </th>
                                </tr>
                              </thead>
                              <tbody>
                                <tr>
                                  <td
                                    class=""
                                  >
                                    <span
                                      class=""
                                    >
                                      1
                                    </span>
                                  </td>
                                  <td
                                    class=""
                                  >
                                    <span
                                      class=""
                                    >
                                      2
                                    </span>
                                  </td>
                                  <td
                                    class=""
                                  >
                                    <span
                                      class=""
                                    >
                                      3
                                    </span>
                                  </td>
                                  <td
                                    class=""
                                  >
                                    <span
                                      class=""
                                    >
                                      4
                                    </span>
                                  </td>
                                  <td
                                    class=""
                                  >
                                    <span
                                      class=""
                                    >
                                      5
                                    </span>
                                  </td>
                                  <td
                                    class=""
                                  >
                                    <span
                                      class=""
                                    >
                                      6
                                    </span>
                                  </td>
                                  <td
                                    class=""
                                  >
                                    <span
                                      class=""
                                    >
                                      7
                                    </span>
                                  </td>
                                </tr>
                                <tr>
                                  <td
                                    class=""
                                  >
                                    <span
                                      class=""
                                    >
                                      8
                                    </span>
                                  </td>
                                  <td
                                    class=""
                                  >
                                    <span
                                      class=""
                                    >
                                      9
                                    </span>
                                  </td>
                                  <td
                                    class=""
                                  >
                                    <span
                                      class=""
                                    >
                                      10
                                    </span>
                                  </td>
                                  <td
                                    class=""
                                  >
                                    <span
                                      class=""
                                    >
                                      11
                                    </span>
                                  </td>
                                  <td
                                    class=""
                                  >
                                    <span
                                      class=""
                                    >
                                      12
                                    </span>
                                  </td>
                                  <td
                                    class=""
                                  >
                                    <span
                                      class=""
                                    >
                                      13
                                    </span>
                                  </td>
                                  <td
                                    class=""
                                  >
                                    <span
                                      class=""
                                    >
                                      14
                                    </span>
                                  </td>
                                </tr>
                                <tr>
                                  <td
                                    class=""
                                  >
                                    <span
                                      class=""
                                    >
                                      15
                                    </span>
                                  </td>
                                  <td
                                    class=""
                                  >
                                    <span
                                      class=""
                                    >
                                      16
                                    </span>
                                  </td>
                                  <td
                                    class=""
                                  >
                                    <span
                                      class=""
                                    >
                                      17
                                    </span>
                                  </td>
                                  <td
                                    class=""
                                  >
                                    <span
                                      class=""
                                    >
                                      18
                                    </span>
                                  </td>
                                  <td
                                    class=""
                                  >
                                    <span
                                      class=""
                                    >
                                      19
                                    </span>
                                  </td>
                                  <td
                                    class=""
                                  >
                                    <span
                                      class=""
                                    >
                                      20
                                    </span>
                                  </td>
                                  <td
                                    class=""
                                  >
                                    <span
                                      class=""
                                    >
                                      21
                                    </span>
                                  </td>
                                </tr>
                                <tr>
                                  <td
                                    class=""
                                  >
                                    <span
                                      class=""
                                    >
                                      22
                                    </span>
                                  </td>
                                  <td
                                    class=""
                                  >
                                    <span
                                      class=""
                                    >
                                      23
                                    </span>
                                  </td>
                                  <td
                                    class=""
                                  >
                                    <span
                                      class=""
                                    >
                                      24
                                    </span>
                                  </td>
                                  <td
                                    class=""
                                  >
                                    <span
                                      class=""
                                    >
                                      25
                                    </span>
                                  </td>
                                  <td
                                    class=""
                                  >
                                    <span
                                      class=""
                                    >
                                      26
                                    </span>
                                  </td>
                                  <td
                                    class=""
                                  >
                                    <span
                                      class=""
                                    >
                                      27
                                    </span>
                                  </td>
                                  <td
                                    class=""
                                  >
                                    <span
                                      class=""
                                    >
                                      28
                                    </span>
                                  </td>
                                </tr>
                                <tr>
                                  <td
                                    class=""
                                  >
                                    <span
                                      class=""
                                    >
                                      29
                                    </span>
                                  </td>
                                  <td
                                    class=""
                                  >
                                    <span
                                      class=""
                                    >
                                      30
                                    </span>
                                  </td>
                                  <td
                                    class="p-datepicker-today"
                                  >
                                    <span
                                      class=""
                                      tabindex="0"
                                    >
                                      31
                                    </span>
                                  </td>
                                  <td
                                    class="p-datepicker-other-month"
                                  >
                                    <span
                                      class="p-disabled"
                                    >
                                      1
                                    </span>
                                  </td>
                                  <td
                                    class="p-datepicker-other-month"
                                  >
                                    <span
                                      class="p-disabled"
                                    >
                                      2
                                    </span>
                                  </td>
                                  <td
                                    class="p-datepicker-other-month"
                                  >
                                    <span
                                      class="p-disabled"
                                    >
                                      3
                                    </span>
                                  </td>
                                  <td
                                    class="p-datepicker-other-month"
                                  >
                                    <span
                                      class="p-disabled"
                                    >
                                      4
                                    </span>
                                  </td>
                                </tr>
                              </tbody>
                            </table>
                          </div>
                        </div>
                        <div
                          class="p-datepicker-buttonbar"
                        >
                          <button
                            class="p-button p-component p-button-secondary p-button-text-only"
                            type="button"
                          >
                            <span
                              class="p-button-text p-c"
                            >
                              Today
                            </span>
                          </button>
                          <button
                            class="p-button p-component p-button-secondary p-button-text-only"
                            type="button"
                          >
                            <span
                              class="p-button-text p-c"
                            >
                              Clear
                            </span>
                          </button>
                        </div>
                      </div>
                    </span>
                    <label>
                      Delivery Date
                    </label>
                  </div>
                </div>
                <div
                  class="p-col-12 p-lg-3 row"
                >
                  <div
                    class="input-wrapper p-float-label"
                  >
                    <input
                      class="p-inputtext p-component p-filled"
                      id="createdAt"
                      readonly=""
                      type="text"
                      value="29.03.2020"
                    />
                    <label
                      for="createdAt"
                    >
                      Created At
                    </label>
                  </div>
                </div>
                <div
                  class="p-col-12 p-lg-3 row"
                >
                  <div
                    class="input-wrapper p-float-label"
                  >
                    <input
                      class="p-inputtext p-component p-filled"
                      id="updatedAt"
                      readonly=""
                      type="text"
                      value="29.03.2020"
                    />
                    <label
                      for="updatedAt"
                    >
                      Updated At
                    </label>
                  </div>
                </div>
              </div>
            </div>
          </div>
        </form>
        <div
          class="p-col-12"
        >
          <div
            class="card no-margin-bottom center actions"
          >
            <button
              class="p-button p-component p-button-raised p-button-text-only"
              data-testid="save"
              form="updateOrderForm"
              type="submit"
            >
              <span
                class="p-button-text p-c"
              >
                Save
              </span>
            </button>
            <button
              class="p-button p-component p-button-secondary p-button-text-only"
              data-testid="back"
              type="button"
            >
              <span
                class="p-button-text p-c"
              >
                Back
              </span>
            </button>
          </div>
        </div>
      </div>
    </div>
  </div>
</body>
`;
