// Jest Snapshot v1, https://goo.gl/fbAQLP

exports[`TopBar should render successfully 1`] = `
<body>
  <div>
    <div
      class="sc-AykKC drFxTE"
    >
      <div
        class="topbar"
      >
        <a
          class="topbar-logo"
          href="/"
        >
          <i
            class="fa fa-clock-o"
          />
        </a>
        <a
          href="/"
          id="menu-button"
        >
          <i
            class="fa fa-bars"
          />
        </a>
        <a
          data-testid="menu"
          href="/"
          id="user-display"
        >
          <span
            class="username"
          >
            User
          </span>
          <span
            class="username"
          >
            Test
          </span>
          <img
            alt="avatar"
            src="/assets/icons/avatar.svg"
          />
          <span
            class="topbar-badge"
          >
            0
          </span>
          <i
            class="fa fa-angle-down"
          />
        </a>
        <div
          class="p-menu p-component p-menu-dynamic p-menu-overlay"
        >
          <ul
            class="p-menu-list p-reset"
            role="menu"
          >
            <li
              class="p-menuitem"
              role="none"
            >
              <a
                class="p-menuitem-link"
                href="#"
                role="menuitem"
              >
                <span
                  class="fa fa-user p-menuitem-icon"
                />
                <span
                  class="p-menuitem-text"
                >
                  Profile
                </span>
              </a>
            </li>
            <li
              class="p-menuitem"
              role="none"
            >
              <a
                class="p-menuitem-link"
                href="#"
                role="menuitem"
              >
                <span
                  class="fa fa-envelope-o p-menuitem-icon"
                />
                <span
                  class="p-menuitem-text"
                >
                  Messages
                </span>
              </a>
            </li>
            <li
              class="p-menuitem"
              role="none"
            >
              <a
                class="p-menuitem-link"
                href="#"
                role="menuitem"
              >
                <span
                  class="fa fa-sign-out p-menuitem-icon"
                />
                <span
                  class="p-menuitem-text"
                >
                  Logout
                </span>
              </a>
            </li>
          </ul>
        </div>
        <label
          for="topbar-search"
        >
          <i
            class="fa fa-search topbar-search-icon"
          />
        </label>
        <input
          class="p-inputtext p-component topbar-search"
          id="topbar-search"
          placeholder="Search..."
        />
      </div>
    </div>
  </div>
</body>
`;
